// Jest Snapshot v1, https://goo.gl/fbAQLP

exports[`Buttons should render correctly 1`] = `
<button
  className="sc-bdfBwQ sc-iBPRYJ dDwjPX RzFWu"
/>
`;
